\BOOKMARK [1][-]{section.1}{\376\377\137\025\212\000}{}% 1
\BOOKMARK [1][-]{section.2}{\376\377\000G\000P\000U\000\040\000R\000o\000o\000f\000l\000i\000n\000e\000\040\126\336\230\176\123\312\121\166\116\011\147\141\147\266\147\204\122\115\143\320}{}% 2
\BOOKMARK [2][-]{subsection.2.1}{\376\377\000R\000o\000o\000f\000l\000i\000n\000e\000\040\166\204\143\320\121\372\116\016\127\050\000\040\000C\000I\000M\000\040\116\012\166\204\136\224\165\050\163\260\162\266}{section.2}% 3
\BOOKMARK [2][-]{subsection.2.2}{\376\377\000R\000o\000o\000f\000l\000i\000n\000e\000\040\166\204\133\232\117\115}{section.2}% 4
\BOOKMARK [2][-]{subsection.2.3}{\376\377\213\241\173\227\136\163\123\360\166\204\116\044\116\052\121\163\225\056\143\007\150\007}{section.2}% 5
\BOOKMARK [2][-]{subsection.2.4}{\376\377\177\121\176\334\152\041\127\213\166\204\116\044\116\052\121\163\225\056\143\007\150\007}{section.2}% 6
\BOOKMARK [2][-]{subsection.2.5}{\376\377\173\227\147\057\137\072\136\246\116\016\000\040\000R\000o\000o\000f\000l\000i\000n\000e\000\040\121\154\137\017}{section.2}% 7
\BOOKMARK [2][-]{subsection.2.6}{\376\377\000R\000o\000o\000f\000l\000i\000n\000e\000\040\121\340\117\125\116\016\150\070\137\303\166\364\211\311}{section.2}% 8
\BOOKMARK [2][-]{subsection.2.7}{\376\377\116\011\147\141\147\266\147\204\122\115\143\320\377\032\000\050\000P\0001\000\051\040\023\000\050\000P\0003\000\051}{section.2}% 9
\BOOKMARK [1][-]{section.3}{\376\377\155\036\133\337\377\032\137\002\147\204\176\364\136\246\166\204\123\315\217\154}{}% 10
\BOOKMARK [2][-]{subsection.3.1}{\376\377\000C\000I\000M\000\040\133\371\000\050\000P\0001\000\051\040\023\000\050\000P\0003\000\051\166\204\174\373\176\337\140\047\217\335\123\315\377\032\000\050\000A\0001\000\051\040\023\000\050\000A\0003\000\051}{section.3}% 11
\BOOKMARK [2][-]{subsection.3.2}{\376\377\137\002\147\204\176\364\136\246\123\315\217\154\116\016\122\006\211\343\123\237\122\031\166\204\217\154\124\021}{section.3}% 12
\BOOKMARK [2][-]{subsection.3.3}{\376\377\135\345\117\134\221\317\123\125\117\115\116\316\000\040\000O\000P\000\040\217\154\124\021\000\040\000B\000y\000t\000e}{section.3}% 13
\BOOKMARK [1][-]{section.4}{\376\377\000C\000I\000M\000\040\000R\000o\000o\000f\000l\000i\000n\000e\000\040\152\041\127\213}{}% 14
\BOOKMARK [2][-]{subsection.4.1}{\376\377\126\333\116\052\000\040\000C\000I\000M\000-\000n\000a\000t\000i\000v\000e\000\040\143\007\150\007\000:\000\040\000,\000\040\000,\000\040\000Q\000S\000,\000\040\000Q\000R\000\040\116\016\232\173\165\131\137\072\136\246\000\040\000R\000I}{section.4}% 15
\BOOKMARK [2][-]{subsection.4.2}{\376\377\121\154\137\017\116\016\121\340\117\125}{section.4}% 16
\BOOKMARK [2][-]{subsection.4.3}{\376\377\000P\000i\000p\000e\000l\000i\000n\000e\000\040\147\072\122\066\000:\000\040\000G\000P\000U\000\040\116\016\000\040\000C\000I\000M\000\040\166\204\162\151\164\006\133\236\163\260\135\356\137\002}{section.4}% 17
\BOOKMARK [2][-]{subsection.4.4}{\376\377\135\345\121\265\122\006\174\173\000:\000\040\227\131\140\001\232\173\165\131\116\016\122\250\140\001\232\173\165\131}{section.4}% 18
\BOOKMARK [2][-]{subsection.4.5}{\376\377\133\130\173\227\122\006\171\273\124\214\207\215\124\010\147\266\147\204\166\204\133\371\120\166\124\214\217\154\143\142}{section.4}% 19
\BOOKMARK [1][-]{section.5}{\376\377\170\154\116\366\116\016\000\040\000w\000o\000r\000k\000l\000o\000a\000d\000\040\166\204\133\232\221\317\150\007\133\232}{}% 20
\BOOKMARK [2][-]{subsection.5.1}{\376\377\117\060\173\227\150\106\147\266\116\016\123\302\145\160\122\115\177\156}{section.5}% 21
\BOOKMARK [2][-]{subsection.5.2}{\376\377\170\154\116\366\143\007\150\007\166\204\117\060\173\227\000:\000\040\000\040\116\016\000\040}{section.5}% 22
\BOOKMARK [2][-]{subsection.5.3}{\376\377\121\170\127\213\000\040\000w\000o\000r\000k\000l\000o\000a\000d\000\040\166\204\000\040\000Q\000S\000,\000\040\000Q\000R\000,\000\040\000R\000I\000\040\143\250\133\374}{section.5}% 23
\BOOKMARK [2][-]{subsection.5.4}{\376\377\116\214\176\364\176\323\147\234\122\006\147\220\116\016\213\250\213\272}{section.5}% 24
\BOOKMARK [1][-]{section.6}{\376\377\000C\000I\000M\000\040\000R\000o\000o\000f\000l\000i\000n\000e\000\040\166\204\000\040\000P\000D\000\040\207\215\124\010\215\213\122\277}{}% 25
\BOOKMARK [2][-]{subsection.6.1}{\376\377\000P\000D\000\040\122\006\171\273\166\204\000\040\000G\000P\000U\000\040\117\235\143\156}{section.6}% 26
\BOOKMARK [2][-]{subsection.6.2}{\376\377\000P\000D\000\040\122\006\171\273\127\050\000\040\000C\000I\000M\000\040\116\015\121\215\220\002\165\050}{section.6}% 27
\BOOKMARK [2][-]{subsection.6.3}{\376\377\000C\000I\000M\116\012\000P\000D\207\215\124\010\166\204\137\305\161\066\215\213\122\277}{section.6}% 28
\BOOKMARK [1][-]{section.7}{\376\377\220\032\220\123\122\006\211\343\123\237\164\006\000:\000\040\000R\000o\000o\000f\000l\000i\000n\000e\000\040\166\204\147\266\147\204\145\340\121\163\127\372\170\100}{}% 29
\BOOKMARK [2][-]{subsection.7.1}{\376\377\123\237\164\006\166\204\116\000\202\054\137\142\137\017\116\016\220\002\165\050\147\141\116\366}{section.7}% 30
\BOOKMARK [2][-]{subsection.7.2}{\376\377\000G\000P\000U\000\040\116\016\000\040\000C\000I\000M\000\040\117\134\116\072\123\237\164\006\166\204\116\044\171\315\162\171\123\026}{section.7}% 31
\BOOKMARK [2][-]{subsection.7.3}{\376\377\145\366\172\172\133\371\120\166\117\134\116\072\147\266\147\204\142\225\137\161}{section.7}% 32
\BOOKMARK [1][-]{section.8}{\376\377\176\323\213\272}{}% 33
